hbase-master  | [entrypoint] Waiting for HDFS to have a live DataNode...
hbase-master  | [entrypoint] HDFS reports 1 live DataNode(s)
hbase-master  | OpenJDK 64-Bit Server VM warning: Sharing is only supported for boot loader classes because bootstrap classpath has been appended
hbase-master  | [otel.javaagent 2026-04-28 18:24:41:566 +0000] [main] INFO io.opentelemetry.javaagent.tooling.VersionLogger - opentelemetry-javaagent - version: 2.10.0
hbase-master  | SLF4J: Class path contains multiple SLF4J bindings.
hbase-master  | SLF4J: Found binding in [jar:file:/opt/hadoop/share/hadoop/common/lib/slf4j-reload4j-1.7.36.jar!/org/slf4j/impl/StaticLoggerBinder.class]
hbase-master  | SLF4J: Found binding in [jar:file:/opt/hbase/lib/client-facing-thirdparty/log4j-slf4j-impl-2.17.2.jar!/org/slf4j/impl/StaticLoggerBinder.class]
hbase-master  | SLF4J: See http://www.slf4j.org/codes.html#multiple_bindings for an explanation.
hbase-master  | SLF4J: Actual binding is of type [org.slf4j.impl.Reload4jLoggerFactory]
hbase-master  | 18:24:43 INFO  [HMaster] STARTING service HMaster
hbase-master  | 18:24:43 INFO  [VersionInfo] HBase 2.5.8
hbase-master  | 18:24:43 INFO  [VersionInfo] Source code repository git://buildbox.localdomain/home/apurtell/RM/hbase revision=37444de6531b1bdabf2e445c83d0268ab1a6f919
hbase-master  | 18:24:43 INFO  [VersionInfo] Compiled by apurtell on Thu Feb 29 15:37:32 PST 2024
hbase-master  | 18:24:43 INFO  [VersionInfo] From source with checksum 6610447458ea7ade7bba51c568868aebd22fd3c750bc0b3a5eafd006b0cd1029eae305a85f389356517b557096d62b79d99b427b07c6b1794b4964407d6e75a3
hbase-master  | 18:24:43 INFO  [ServerCommandLine] hbase.tmp.dir: /tmp/hbase-root
hbase-master  | 18:24:43 INFO  [ServerCommandLine] hbase.rootdir: hdfs://namenode:8020/hbase
hbase-master  | 18:24:43 INFO  [ServerCommandLine] hbase.cluster.distributed: true
hbase-master  | 18:24:43 INFO  [ServerCommandLine] hbase.zookeeper.quorum: zookeeper
hbase-master  | 18:24:43 INFO  [ServerCommandLine] env:PATH=/opt/hadoop/bin:/opt/hadoop/sbin:/opt/hbase/bin:/opt/java/openjdk/bin:/usr/local/sbin:/usr/local/bin:/usr/sbin:/usr/bin:/sbin:/bin
hbase-master  | 18:24:43 INFO  [ServerCommandLine] env:HADOOP_CONF_DIR=/opt/hadoop/etc/hadoop
hbase-master  | 18:24:43 INFO  [ServerCommandLine] env:OTEL_TRACES_EXPORTER=otlp
hbase-master  | 18:24:43 INFO  [ServerCommandLine] env:HBASE_REGIONSERVER_OPTS= --add-opens=java.base/java.lang=ALL-UNNAMED                  --add-opens=java.base/java.io=ALL-UNNAMED                  --add-opens=java.base/java.nio=ALL-UNNAMED                  --add-opens=java.base/java.util=ALL-UNNAMED                  --add-opens=java.base/java.util.concurrent=ALL-UNNAMED                  --add-opens=java.base/sun.nio.ch=ALL-UNNAMED
hbase-master  | 18:24:43 INFO  [ServerCommandLine] env:JAVA_HOME=/opt/java/openjdk
hbase-master  | 18:24:43 INFO  [ServerCommandLine] env:OTEL_LOGS_EXPORTER=otlp
hbase-master  | 18:24:43 INFO  [ServerCommandLine] env:LANG=en_US.UTF-8
hbase-master  | 18:24:43 INFO  [ServerCommandLine] env:HBASE_CONF_DIR=/opt/hbase/conf
hbase-master  | 18:24:43 INFO  [ServerCommandLine] env:LD_LIBRARY_PATH=:/opt/hadoop/lib/native
hbase-master  | 18:24:43 INFO  [ServerCommandLine] env:JVM_PID=7
hbase-master  | 18:24:43 INFO  [ServerCommandLine] env:HBASE_REST_OPTS=
hbase-master  | 18:24:43 INFO  [ServerCommandLine] env:JAVA_VERSION=jdk-11.0.30+7
hbase-master  | 18:24:43 INFO  [ServerCommandLine] env:PWD=/
hbase-master  | 18:24:43 INFO  [ServerCommandLine] env:OTEL_EXPORTER_OTLP_ENDPOINT=http://otel-collector:4317
hbase-master  | 18:24:43 INFO  [ServerCommandLine] env:LANGUAGE=en_US:en
hbase-master  | 18:24:43 INFO  [ServerCommandLine] env:OTEL_EXPORTER_OTLP_PROTOCOL=grpc
hbase-master  | 18:24:43 INFO  [ServerCommandLine] env:HBASE_ROOT_LOGGER=INFO,console
hbase-master  | 18:24:43 INFO  [ServerCommandLine] env:HBASE_ENV_INIT=true
hbase-master  | 18:24:43 INFO  [ServerCommandLine] env:HBASE_MASTER_OPTS=-javaagent:/opt/otel/opentelemetry-javaagent.jar -javaagent:/opt/jmx-exporter/jmx_prometheus_javaagent.jar=7072:/etc/jmx-exporter/hbase.yaml  --add-opens=java.base/java.lang=ALL-UNNAMED                  --add-opens=java.base/java.io=ALL-UNNAMED                  --add-opens=java.base/java.nio=ALL-UNNAMED                  --add-opens=java.base/java.util=ALL-UNNAMED                  --add-opens=java.base/java.util.concurrent=ALL-UNNAMED                  --add-opens=java.base/sun.nio.ch=ALL-UNNAMED
hbase-master  | 18:24:43 INFO  [ServerCommandLine] env:CLASSPATH=/opt/hbase/conf:/opt/java/openjdk/lib/tools.jar:/opt/hbase:/opt/hbase/lib/agrona-1.12.0.jar:/opt/hbase/lib/aircompressor-0.24.jar:/opt/hbase/lib/aopalliance-1.0.jar:/opt/hbase/lib/apacheds-i18n-2.0.0-M15.jar:/opt/hbase/lib/apacheds-kerberos-codec-2.0.0-M15.jar:/opt/hbase/lib/api-asn1-api-1.0.0-M20.jar:/opt/hbase/lib/api-i18n-1.0.0-M20.jar:/opt/hbase/lib/api-util-1.0.0-M20.jar:/opt/hbase/lib/asm-3.1.jar:/opt/hbase/lib/avro-1.11.3.jar:/opt/hbase/lib/brotli4j-1.11.0.jar:/opt/hbase/lib/byte-buddy-1.9.10.jar:/opt/hbase/lib/byte-buddy-agent-1.9.10.jar:/opt/hbase/lib/caffeine-2.8.1.jar:/opt/hbase/lib/checker-qual-3.1.0.jar:/opt/hbase/lib/commons-cli-1.5.0.jar:/opt/hbase/lib/commons-codec-1.15.jar:/opt/hbase/lib/commons-collections-3.2.2.jar:/opt/hbase/lib/commons-compress-1.21.jar:/opt/hbase/lib/commons-configuration-1.6.jar:/opt/hbase/lib/commons-crypto-1.1.0.jar:/opt/hbase/lib/commons-csv-1.0.jar:/opt/hbase/lib/commons-daemon-1.0.13.jar:/opt/hbase/lib/commons-digester-1.8.jar:/opt/hbase/lib/commons-io-2.11.0.jar:/opt/hbase/lib/commons-lang-2.6.jar:/opt/hbase/lib/commons-lang3-3.9.jar:/opt/hbase/lib/commons-math3-3.6.1.jar:/opt/hbase/lib/commons-net-3.1.jar:/opt/hbase/lib/curator-client-4.2.0.jar:/opt/hbase/lib/curator-framework-4.2.0.jar:/opt/hbase/lib/curator-recipes-4.2.0.jar:/opt/hbase/lib/disruptor-3.4.4.jar:/opt/hbase/lib/ehcache-3.3.1.jar:/opt/hbase/lib/error_prone_annotations-2.21.1.jar:/opt/hbase/lib/fst-2.50.jar:/opt/hbase/lib/geronimo-jcache_1.0_spec-1.0-alpha-1.jar:/opt/hbase/lib/gson-2.2.4.jar:/opt/hbase/lib/guava-11.0.2.jar:/opt/hbase/lib/guice-3.0.jar:/opt/hbase/lib/guice-servlet-3.0.jar:/opt/hbase/lib/hadoop-annotations-2.10.2.jar:/opt/hbase/lib/hadoop-auth-2.10.2.jar:/opt/hbase/lib/hadoop-client-2.10.2.jar:/opt/hbase/lib/hadoop-common-2.10.2.jar:/opt/hbase/lib/hadoop-distcp-2.10.2.jar:/opt/hbase/lib/hadoop-hdfs-2.10.2.jar:/opt/hbase/lib/hadoop-hdfs-2.10.2-tests.jar:/opt/hbase/lib/hadoop-hdfs-client-2.10.2.jar:/opt/hbase/lib/hadoop-mapreduce-client-app-2.10.2.jar:/opt/hbase/lib/hadoop-mapreduce-client-common-2.10.2.jar:/opt/hbase/lib/hadoop-mapreduce-client-core-2.10.2.jar:/opt/hbase/lib/hadoop-mapreduce-client-hs-2.10.2.jar:/opt/hbase/lib/hadoop-mapreduce-client-jobclient-2.10.2.jar:/opt/hbase/lib/hadoop-mapreduce-client-shuffle-2.10.2.jar:/opt/hbase/lib/hadoop-minicluster-2.10.2.jar:/opt/hbase/lib/hadoop-yarn-api-2.10.2.jar:/opt/hbase/lib/hadoop-yarn-client-2.10.2.jar:/opt/hbase/lib/hadoop-yarn-common-2.10.2.jar:/opt/hbase/lib/hadoop-yarn-registry-2.10.2.jar:/opt/hbase/lib/hadoop-yarn-server-applicationhistoryservice-2.10.2.jar:/opt/hbase/lib/hadoop-yarn-server-common-2.10.2.jar:/opt/hbase/lib/hadoop-yarn-server-nodemanager-2.10.2.jar:/opt/hbase/lib/hadoop-yarn-server-resourcemanager-2.10.2.jar:/opt/hbase/lib/hadoop-yarn-server-tests-2.10.2-tests.jar:/opt/hbase/lib/hadoop-yarn-server-timelineservice-2.10.2.jar:/opt/hbase/lib/hadoop-yarn-server-web-proxy-2.10.2.jar:/opt/hbase/lib/hamcrest-core-1.3.jar:/opt/hbase/lib/hbase-annotations-2.5.8.jar:/opt/hbase/lib/hbase-annotations-2.5.8-tests.jar:/opt/hbase/lib/hbase-asyncfs-2.5.8.jar:/opt/hbase/lib/hbase-asyncfs-2.5.8-tests.jar:/opt/hbase/lib/hbase-client-2.5.8.jar:/opt/hbase/lib/hbase-common-2.5.8.jar:/opt/hbase/lib/hbase-common-2.5.8-tests.jar:/opt/hbase/lib/hbase-compression-aircompressor-2.5.8.jar:/opt/hbase/lib/hbase-compression-brotli-2.5.8.jar:/opt/hbase/lib/hbase-compression-lz4-2.5.8.jar:/opt/hbase/lib/hbase-compression-snappy-2.5.8.jar:/opt/hbase/lib/hbase-compression-xz-2.5.8.jar:/opt/hbase/lib/hbase-compression-zstd-2.5.8.jar:/opt/hbase/lib/hbase-endpoint-2.5.8.jar:/opt/hbase/lib/hbase-examples-2.5.8.jar:/opt/hbase/lib/hbase-external-blockcache-2.5.8.jar:/opt/hbase/lib/hbase-hadoop2-compat-2.5.8.jar:/opt/hbase/lib/hbase-hadoop2-compat-2.5.8-tests.jar:/opt/hbase/lib/hbase-hadoop-compat-2.5.8.jar:/opt/hbase/lib/hbase-hadoop-compat-2.5.8-tests.jar:/opt/hbase/lib/hbase-hbtop-2.5.8.jar:/opt/hbase/lib/hbase-http-2.5.8.jar:/opt/hbase/lib/hbase-it-2.5.8.jar:/opt/hbase/lib/hbase-it-2.5.8-tests.jar:/opt/hbase/lib/hbase-logging-2.5.8.jar:/opt/hbase/lib/hbase-mapreduce-2.5.8.jar:/opt/hbase/lib/hbase-mapreduce-2.5.8-tests.jar:/opt/hbase/lib/hbase-metrics-2.5.8.jar:/opt/hbase/lib/hbase-metrics-api-2.5.8.jar:/opt/hbase/lib/hbase-procedure-2.5.8.jar:/opt/hbase/lib/hbase-procedure-2.5.8-tests.jar:/opt/hbase/lib/hbase-protocol-2.5.8.jar:/opt/hbase/lib/hbase-protocol-shaded-2.5.8.jar:/opt/hbase/lib/hbase-replication-2.5.8.jar:/opt/hbase/lib/hbase-resource-bundle-2.5.8.jar:/opt/hbase/lib/hbase-rest-2.5.8.jar:/opt/hbase/lib/hbase-rsgroup-2.5.8.jar:/opt/hbase/lib/hbase-rsgroup-2.5.8-tests.jar:/opt/hbase/lib/hbase-server-2.5.8.jar:/opt/hbase/lib/hbase-server-2.5.8-tests.jar:/opt/hbase/lib/hbase-shaded-gson-4.1.5.jar:/opt/hbase/lib/hbase-shaded-jackson-jaxrs-json-provider-4.1.5.jar:/opt/hbase/lib/hbase-shaded-jersey-4.1.5.jar:/opt/hbase/lib/hbase-shaded-jetty-4.1.5.jar:/opt/hbase/lib/hbase-shaded-miscellaneous-4.1.5.jar:/opt/hbase/lib/hbase-shaded-netty-4.1.5.jar:/opt/hbase/lib/hbase-shaded-protobuf-4.1.5.jar:/opt/hbase/lib/hbase-shell-2.5.8.jar:/opt/hbase/lib/hbase-testing-util-2.5.8.jar:/opt/hbase/lib/hbase-thrift-2.5.8.jar:/opt/hbase/lib/hbase-unsafe-4.1.5.jar:/opt/hbase/lib/hbase-zookeeper-2.5.8.jar:/opt/hbase/lib/hbase-zookeeper-2.5.8-tests.jar:/opt/hbase/lib/HikariCP-java7-2.4.12.jar:/opt/hbase/lib/httpclient-4.5.13.jar:/opt/hbase/lib/httpcore-4.4.13.jar:/opt/hbase/lib/jackson-annotations-2.15.2.jar:/opt/hbase/lib/jackson-core-2.15.2.jar:/opt/hbase/lib/jackson-core-asl-1.9.13.jar:/opt/hbase/lib/jackson-databind-2.15.2.jar:/opt/hbase/lib/jackson-mapper-asl-1.9.13.jar:/opt/hbase/lib/jackson-module-jaxb-annotations-2.15.2.jar:/opt/hbase/lib/jakarta.inject-2.6.1.jar:/opt/hbase/lib/jakarta.validation-api-2.0.2.jar:/opt/hbase/lib/jamon-runtime-2.4.1.jar:/opt/hbase/lib/javassist-3.29.2-GA.jar:/opt/hbase/lib/java-util-1.9.0.jar:/opt/hbase/lib/javax.activation-api-1.2.0.jar:/opt/hbase/lib/javax.annotation-api-1.2.jar:/opt/hbase/lib/javax.el-3.0.1-b08.jar:/opt/hbase/lib/java-xmlbuilder-0.4.jar:/opt/hbase/lib/javax.servlet-api-3.1.0.jar:/opt/hbase/lib/javax.servlet.jsp-2.3.2.jar:/opt/hbase/lib/javax.servlet.jsp-api-2.3.1.jar:/opt/hbase/lib/jaxb-api-2.3.1.jar:/opt/hbase/lib/jaxb-impl-2.2.3-1.jar:/opt/hbase/lib/jcip-annotations-1.0-1.jar:/opt/hbase/lib/jcodings-1.0.55.jar:/opt/hbase/lib/jets3t-0.9.0.jar:/opt/hbase/lib/jettison-1.5.4.jar:/opt/hbase/lib/jetty-6.1.26.jar:/opt/hbase/lib/jetty-sslengine-6.1.26.jar:/opt/hbase/lib/jetty-util-6.1.26.jar:/opt/hbase/lib/joni-2.1.31.jar:/opt/hbase/lib/jsch-0.1.55.jar:/opt/hbase/lib/json-io-2.5.1.jar:/opt/hbase/lib/jsr311-api-1.1.1.jar:/opt/hbase/lib/junit-4.13.2.jar:/opt/hbase/lib/leveldbjni-all-1.8.jar:/opt/hbase/lib/libthrift-0.14.1.jar:/opt/hbase/lib/lz4-java-1.8.0.jar:/opt/hbase/lib/metrics-core-3.0.1.jar:/opt/hbase/lib/metrics-core-3.2.6.jar:/opt/hbase/lib/mockito-core-2.28.2.jar:/opt/hbase/lib/mssql-jdbc-6.2.1.jre7.jar:/opt/hbase/lib/native-linux-aarch64-1.11.0.jar:/opt/hbase/lib/netty-3.10.6.Final.jar:/opt/hbase/lib/netty-all-4.1.100.Final.jar:/opt/hbase/lib/netty-buffer-4.1.100.Final.jar:/opt/hbase/lib/netty-codec-4.1.100.Final.jar:/opt/hbase/lib/netty-codec-dns-4.1.100.Final.jar:/opt/hbase/lib/netty-codec-haproxy-4.1.100.Final.jar:/opt/hbase/lib/netty-codec-http2-4.1.100.Final.jar:/opt/hbase/lib/netty-codec-http-4.1.100.Final.jar:/opt/hbase/lib/netty-codec-memcache-4.1.100.Final.jar:/opt/hbase/lib/netty-codec-mqtt-4.1.100.Final.jar:/opt/hbase/lib/netty-codec-redis-4.1.100.Final.jar:/opt/hbase/lib/netty-codec-smtp-4.1.100.Final.jar:/opt/hbase/lib/netty-codec-socks-4.1.100.Final.jar:/opt/hbase/lib/netty-codec-stomp-4.1.100.Final.jar:/opt/hbase/lib/netty-codec-xml-4.1.100.Final.jar:/opt/hbase/lib/netty-common-4.1.100.Final.jar:/opt/hbase/lib/netty-handler-4.1.100.Final.jar:/opt/hbase/lib/netty-handler-proxy-4.1.100.Final.jar:/opt/hbase/lib/netty-handler-ssl-ocsp-4.1.100.Final.jar:/opt/hbase/lib/netty-resolver-4.1.100.Final.jar:/opt/hbase/lib/netty-resolver-dns-4.1.100.Final.jar:/opt/hbase/lib/netty-resolver-dns-classes-macos-4.1.100.Final.jar:/opt/hbase/lib/netty-resolver-dns-native-macos-4.1.100.Final-osx-aarch_64.jar:/opt/hbase/lib/netty-resolver-dns-native-macos-4.1.100.Final-osx-x86_64.jar:/opt/hbase/lib/netty-transport-4.1.100.Final.jar:/opt/hbase/lib/netty-transport-classes-epoll-4.1.100.Final.jar:/opt/hbase/lib/netty-transport-classes-kqueue-4.1.100.Final.jar:/opt/hbase/lib/netty-transport-native-epoll-4.1.100.Final.jar:/opt/hbase/lib/netty-transport-native-epoll-4.1.100.Final-linux-aarch_64.jar:/opt/hbase/lib/netty-transport-native-epoll-4.1.100.Final-linux-x86_64.jar:/opt/hbase/lib/netty-transport-native-kqueue-4.1.100.Final-osx-aarch_64.jar:/opt/hbase/lib/netty-transport-native-kqueue-4.1.100.Final-osx-x86_64.jar:/opt/hbase/lib/netty-transport-native-unix-common-4.1.100.Final.jar:/opt/hbase/lib/netty-transport-rxtx-4.1.100.Final.jar:/opt/hbase/lib/netty-transport-sctp-4.1.100.Final.jar:/opt/hbase/lib/netty-transport-udt-4.1.100.Final.jar:/opt/hbase/lib/nimbus-jose-jwt-7.9.jar:/opt/hbase/lib/objenesis-2.6.jar:/opt/hbase/lib/okhttp-2.7.5.jar:/opt/hbase/lib/okio-1.6.0.jar:/opt/hbase/lib/opentelemetry-api-1.15.0.jar:/opt/hbase/lib/opentelemetry-context-1.15.0.jar:/opt/hbase/lib/opentelemetry-semconv-1.15.0-alpha.jar:/opt/hbase/lib/protobuf-java-2.5.0.jar:/opt/hbase/lib/service-1.11.0.jar:/opt/hbase/lib/snappy-java-1.1.10.4.jar:/opt/hbase/lib/spymemcached-2.12.2.jar:/opt/hbase/lib/stax2-api-4.2.1.jar:/opt/hbase/lib/woodstox-core-5.3.0.jar:/opt/hbase/lib/xmlenc-0.52.jar:/opt/hbase/lib/xz-1.9.jar:/opt/hbase/lib/zookeeper-3.8.3.jar:/opt/hbase/lib/zookeeper-jute-3.8.3.jar:/opt/hbase/lib/zstd-jni-1.5.5-2.jar:/opt/hbase/lib/client-facing-thirdparty/audience-annotations-0.13.0.jar:/opt/hbase/lib/client-facing-thirdparty/commons-logging-1.2.jar:/opt/hbase/lib/client-facing-thirdparty/htrace-core4-4.1.0-incubating.jar:/opt/hbase/lib/client-facing-thirdparty/jcl-over-slf4j-1.7.33.jar:/opt/hbase/lib/client-facing-thirdparty/jul-to-slf4j-1.7.33.jar:/opt/hbase/lib/client-facing-thirdparty/opentelemetry-api-1.15.0.jar:/opt/hbase/lib/client-facing-thirdparty/opentelemetry-context-1.15.0.jar:/opt/hbase/lib/client-facing-thirdparty/opentelemetry-semconv-1.15.0-alpha.jar:/opt/hbase/lib/client-facing-thirdparty/slf4j-api-1.7.33.jar:/opt/hadoop/etc/hadoop:/opt/hadoop/share/hadoop/common/lib/*:/opt/hadoop/share/hadoop/common/*:/opt/hadoop/share/hadoop/hdfs:/opt/hadoop/share/hadoop/hdfs/lib/*:/opt/hadoop/share/hadoop/hdfs/*:/opt/hadoop/share/hadoop/mapreduce/*:/opt/hadoop/share/hadoop/yarn:/opt/hadoop/share/hadoop/yarn/lib/*:/opt/hadoop/share/hadoop/yarn/*:/opt/hbase/lib/jdk11/commonj.sdo-2.1.1.jar:/opt/hbase/lib/jdk11/FastInfoset-1.2.16.jar:/opt/hbase/lib/jdk11/gmbal-4.0.0.jar:/opt/hbase/lib/jdk11/ha-api-3.1.12.jar:/opt/hbase/lib/jdk11/istack-commons-runtime-3.0.8.jar:/opt/hbase/lib/jdk11/jakarta.activation-api-1.2.2.jar:/opt/hbase/lib/jdk11/jakarta.annotation-api-1.3.4.jar:/opt/hbase/lib/jdk11/jakarta.jws-api-1.1.1.jar:/opt/hbase/lib/jdk11/jakarta.mail-api-1.6.3.jar:/opt/hbase/lib/jdk11/jakarta.persistence-api-2.2.2.jar:/opt/hbase/lib/jdk11/jakarta.xml.bind-api-2.3.2.jar:/opt/hbase/lib/jdk11/jakarta.xml.soap-api-1.4.1.jar:/opt/hbase/lib/jdk11/jakarta.xml.ws-api-2.3.2.jar:/opt/hbase/lib/jdk11/javax.activation-1.2.0.jar:/opt/hbase/lib/jdk11/jaxb-jxc-2.3.2.jar:/opt/hbase/lib/jdk11/jaxb-runtime-2.3.2.jar:/opt/hbase/lib/jdk11/jaxb-xjc-2.3.2.jar:/opt/hbase/lib/jdk11/jaxws-eclipselink-plugin-2.3.2.jar:/opt/hbase/lib/jdk11/jaxws-ri-2.3.2.pom:/opt/hbase/lib/jdk11/jaxws-rt-2.3.2.jar:/opt/hbase/lib/jdk11/jaxws-tools-2.3.2.jar:/opt/hbase/lib/jdk11/management-api-3.2.1.jar:/opt/hbase/lib/jdk11/mimepull-1.9.11.jar:/opt/hbase/lib/jdk11/org.eclipse.persistence.asm-2.7.4.jar:/opt/hbase/lib/jdk11/org.eclipse.persistence.core-2.7.4.jar:/opt/hbase/lib/jdk11/org.eclipse.persistence.moxy-2.7.4.jar:/opt/hbase/lib/jdk11/org.eclipse.persistence.sdo-2.7.4.jar:/opt/hbase/lib/jdk11/pfl-asm-4.0.1.jar:/opt/hbase/lib/jdk11/pfl-basic-4.0.1.jar:/opt/hbase/lib/jdk11/pfl-basic-tools-4.0.1.jar:/opt/hbase/lib/jdk11/pfl-dynamic-4.0.1.jar:/opt/hbase/lib/jdk11/pfl-tf-4.0.1.jar:/opt/hbase/lib/jdk11/pfl-tf-tools-4.0.1.jar:/opt/hbase/lib/jdk11/policy-2.7.6.jar:/opt/hbase/lib/jdk11/release-documentation-2.3.2-docbook.zip:/opt/hbase/lib/jdk11/saaj-impl-1.5.1.jar:/opt/hbase/lib/jdk11/samples-2.3.2.zip:/opt/hbase/lib/jdk11/sdo-eclipselink-plugin-2.3.2.jar:/opt/hbase/lib/jdk11/stax-ex-1.8.1.jar:/opt/hbase/lib/jdk11/streambuffer-1.5.7.jar:/opt/hbase/lib/jdk11/txw2-2.3.2.jar:/opt/hbase/lib/client-facing-thirdparty/log4j-1.2-api-2.17.2.jar:/opt/hbase/lib/client-facing-thirdparty/log4j-api-2.17.2.jar:/opt/hbase/lib/client-facing-thirdparty/log4j-core-2.17.2.jar:/opt/hbase/lib/client-facing-thirdparty/log4j-slf4j-impl-2.17.2.jar
hbase-master  | 18:24:43 INFO  [ServerCommandLine] env:HBASE_MANAGES_ZK=false
hbase-master  | 18:24:43 INFO  [ServerCommandLine] env:OTEL_SERVICE_NAME=hbase-master
hbase-master  | 18:24:43 INFO  [ServerCommandLine] env:HDFS_NAMENODE_USER=root
hbase-master  | 18:24:43 INFO  [ServerCommandLine] env:OTEL_RESOURCE_ATTRIBUTES=deployment.environment=local-otel-lab
hbase-master  | 18:24:43 INFO  [ServerCommandLine] env:SED=sed
hbase-master  | 18:24:43 INFO  [ServerCommandLine] env:HOSTNAME=0048b2450235
hbase-master  | 18:24:43 INFO  [ServerCommandLine] env:LC_ALL=en_US.UTF-8
hbase-master  | 18:24:43 INFO  [ServerCommandLine] env:OTEL_METRICS_EXPORTER=otlp
hbase-master  | 18:24:43 INFO  [ServerCommandLine] env:HADOOP_HOME=/opt/hadoop
hbase-master  | 18:24:43 INFO  [ServerCommandLine] env:GREP=grep
hbase-master  | 18:24:43 INFO  [ServerCommandLine] env:HBASE_OPTS=-XX:+UseG1GC -Djava.util.logging.config.class=org.apache.hadoop.hbase.logging.JulToSlf4jInitializer  -javaagent:/opt/otel/opentelemetry-javaagent.jar -javaagent:/opt/jmx-exporter/jmx_prometheus_javaagent.jar=7072:/etc/jmx-exporter/hbase.yaml  --add-opens=java.base/java.lang=ALL-UNNAMED                  --add-opens=java.base/java.io=ALL-UNNAMED                  --add-opens=java.base/java.nio=ALL-UNNAMED                  --add-opens=java.base/java.util=ALL-UNNAMED                  --add-opens=java.base/java.util.concurrent=ALL-UNNAMED                  --add-opens=java.base/sun.nio.ch=ALL-UNNAMED -Dorg.apache.hbase.thirdparty.io.netty.tryReflectionSetAccessible=true --add-modules jdk.unsupported --add-opens java.base/java.io=ALL-UNNAMED --add-opens java.base/java.nio=ALL-UNNAMED --add-opens java.base/sun.nio.ch=ALL-UNNAMED --add-opens java.base/java.lang=ALL-UNNAMED --add-opens java.base/jdk.internal.ref=ALL-UNNAMED --add-opens java.base/java.lang.reflect=ALL-UNNAMED --add-opens java.base/java.util=ALL-UNNAMED --add-opens java.base/java.util.concurrent=ALL-UNNAMED --add-exports java.base/jdk.internal.misc=ALL-UNNAMED --add-exports java.security.jgss/sun.security.krb5=ALL-UNNAMED --add-exports java.base/sun.net.dns=ALL-UNNAMED --add-exports java.base/sun.net.util=ALL-UNNAMED -Dhbase.log.dir=/opt/hbase/logs -Dhbase.log.file=hbase.log -Dhbase.home.dir=/opt/hbase -Dhbase.id.str= -Dhbase.root.logger=INFO,console -Djava.library.path=/opt/hadoop/lib/native -Dhbase.security.logger=INFO,RFAS
hbase-master  | 18:24:43 INFO  [ServerCommandLine] env:HDFS_DATANODE_USER=root
hbase-master  | 18:24:43 INFO  [ServerCommandLine] env:HBASE_HOME=/opt/hbase
hbase-master  | 18:24:43 INFO  [ServerCommandLine] env:HBASE_THRIFT_OPTS=
hbase-master  | 18:24:43 INFO  [ServerCommandLine] env:HDFS_SECONDARYNAMENODE_USER=root
hbase-master  | 18:24:43 INFO  [ServerCommandLine] env:SHLVL=0
hbase-master  | 18:24:43 INFO  [ServerCommandLine] env:HOME=/root
hbase-master  | 18:24:43 INFO  [ServerCommandLine] env:MALLOC_ARENA_MAX=4
hbase-master  | 18:24:43 INFO  [ServerCommandLine] vmName=OpenJDK 64-Bit Server VM, vmVendor=Eclipse Adoptium, vmVersion=11.0.30+7
hbase-master  | 18:24:43 INFO  [ServerCommandLine] vmInputArguments=[-Dproc_master, -XX:OnOutOfMemoryError=kill -9 %p, -XX:+UseG1GC, -Djava.util.logging.config.class=org.apache.hadoop.hbase.logging.JulToSlf4jInitializer, -javaagent:/opt/otel/opentelemetry-javaagent.jar, -javaagent:/opt/jmx-exporter/jmx_prometheus_javaagent.jar=7072:/etc/jmx-exporter/hbase.yaml, --add-opens=java.base/java.lang=ALL-UNNAMED, --add-opens=java.base/java.io=ALL-UNNAMED, --add-opens=java.base/java.nio=ALL-UNNAMED, --add-opens=java.base/java.util=ALL-UNNAMED, --add-opens=java.base/java.util.concurrent=ALL-UNNAMED, --add-opens=java.base/sun.nio.ch=ALL-UNNAMED, -Dorg.apache.hbase.thirdparty.io.netty.tryReflectionSetAccessible=true, --add-modules=jdk.unsupported, --add-opens=java.base/java.io=ALL-UNNAMED, --add-opens=java.base/java.nio=ALL-UNNAMED, --add-opens=java.base/sun.nio.ch=ALL-UNNAMED, --add-opens=java.base/java.lang=ALL-UNNAMED, --add-opens=java.base/jdk.internal.ref=ALL-UNNAMED, --add-opens=java.base/java.lang.reflect=ALL-UNNAMED, --add-opens=java.base/java.util=ALL-UNNAMED, --add-opens=java.base/java.util.concurrent=ALL-UNNAMED, --add-exports=java.base/jdk.internal.misc=ALL-UNNAMED, --add-exports=java.security.jgss/sun.security.krb5=ALL-UNNAMED, --add-exports=java.base/sun.net.dns=ALL-UNNAMED, --add-exports=java.base/sun.net.util=ALL-UNNAMED, -Dhbase.log.dir=/opt/hbase/logs, -Dhbase.log.file=hbase.log, -Dhbase.home.dir=/opt/hbase, -Dhbase.id.str=, -Dhbase.root.logger=INFO,console, -Djava.library.path=/opt/hadoop/lib/native, -Dhbase.security.logger=INFO,RFAS]
hbase-master  | 18:24:44 INFO  [RSRpcServices] master/hbase-master:16000 server-side Connection retries=45
hbase-master  | 18:24:44 INFO  [RpcExecutor] Instantiated default.FPBQ.Fifo with queueClass=class java.util.concurrent.LinkedBlockingQueue; numCallQueues=3, maxQueueLength=300, handlerCount=30
hbase-master  | 18:24:44 INFO  [RpcExecutor] Instantiated priority.RWQ.Fifo with queueClass=class java.util.concurrent.LinkedBlockingQueue; numCallQueues=2, maxQueueLength=200, handlerCount=20
hbase-master  | 18:24:44 INFO  [RWQueueRpcExecutor] priority.RWQ.Fifo writeQueues=1 writeHandlers=2 readQueues=1 readHandlers=18 scanQueues=0 scanHandlers=0
hbase-master  | 18:24:44 INFO  [RpcExecutor] Instantiated replication.FPBQ.Fifo with queueClass=class java.util.concurrent.LinkedBlockingQueue; numCallQueues=1, maxQueueLength=30, handlerCount=3
hbase-master  | 18:24:44 INFO  [RpcExecutor] Instantiated metaPriority.FPBQ.Fifo with queueClass=class java.util.concurrent.LinkedBlockingQueue; numCallQueues=1, maxQueueLength=200, handlerCount=1
hbase-master  | 18:24:44 INFO  [RpcServerFactory] Creating org.apache.hadoop.hbase.ipc.NettyRpcServer hosting hbase.pb.MasterService, hbase.pb.RegionServerStatusService, hbase.pb.LockService, hbase.pb.HbckService, hbase.pb.ClientMetaService, hbase.pb.ClientService, hbase.pb.AdminService, hbase.pb.ClientMetaService
hbase-master  | 18:24:44 INFO  [MetricRegistries] Loaded MetricRegistries class org.apache.hadoop.hbase.metrics.impl.MetricRegistriesImpl
hbase-master  | 18:24:44 INFO  [NettyRpcServer] Using org.apache.hbase.thirdparty.io.netty.buffer.PooledByteBufAllocator for buffer allocation
hbase-master  | 18:24:44 INFO  [NettyRpcServer] Bind to /0.0.0.0:16000
hbase-master  | 18:24:44 INFO  [deprecation] hbase.client.pause.cqtbe is deprecated. Instead, use hbase.client.pause.server.overloaded
hbase-master  | 18:24:44 INFO  [HFileSystem] Added intercepting call to namenode#getBlockLocations so can do block reordering using class org.apache.hadoop.hbase.fs.HFileSystem$ReorderWALBlocks
hbase-master  | 18:24:44 INFO  [HFileSystem] Added intercepting call to namenode#getBlockLocations so can do block reordering using class org.apache.hadoop.hbase.fs.HFileSystem$ReorderWALBlocks
hbase-master  | 18:24:45 INFO  [log] Logging initialized @3826ms to org.apache.hbase.thirdparty.org.eclipse.jetty.util.log.Slf4jLog
hbase-master  | 18:24:45 INFO  [HttpServer] Added global filter 'safety' (class=org.apache.hadoop.hbase.http.HttpServer$QuotingInputFilter)
hbase-master  | 18:24:45 INFO  [HttpServer] Added global filter 'clickjackingprevention' (class=org.apache.hadoop.hbase.http.ClickjackingPreventionFilter)
hbase-master  | 18:24:45 INFO  [HttpServer] Added global filter 'securityheaders' (class=org.apache.hadoop.hbase.http.SecurityHeadersFilter)
hbase-master  | 18:24:45 INFO  [HttpServer] Added filter static_user_filter (class=org.apache.hadoop.hbase.http.lib.StaticUserWebFilter$StaticUserFilter) to context master
hbase-master  | 18:24:45 INFO  [HttpServer] Added filter static_user_filter (class=org.apache.hadoop.hbase.http.lib.StaticUserWebFilter$StaticUserFilter) to context logs
hbase-master  | 18:24:45 INFO  [HttpServer] Added filter static_user_filter (class=org.apache.hadoop.hbase.http.lib.StaticUserWebFilter$StaticUserFilter) to context static
hbase-master  | 18:24:45 INFO  [HttpServer] ASYNC_PROFILER_HOME environment variable and async.profiler.home system property not specified. Disabling /prof endpoint.
hbase-master  | 18:24:45 INFO  [HttpServer] Jetty bound to port 16010
hbase-master  | 18:24:45 INFO  [Server] jetty-9.4.52.v20230823; built: 2023-08-23T19:29:37.669Z; git: abdcda73818a1a2c705da276edb0bf6581e7997e; jvm 11.0.30+7
hbase-master  | 18:24:45 INFO  [SecurityHeadersFilter] Added security headers filter
hbase-master  | 18:24:45 INFO  [ContextHandler] Started o.a.h.t.o.e.j.s.ServletContextHandler@15d2c2ca{logs,/logs,file:///opt/hbase/logs,AVAILABLE}
hbase-master  | 18:24:45 INFO  [SecurityHeadersFilter] Added security headers filter
hbase-master  | 18:24:45 INFO  [ContextHandler] Started o.a.h.t.o.e.j.s.ServletContextHandler@44189797{static,/static,file:///opt/hbase/hbase-webapps/static/,AVAILABLE}
hbase-master  | 18:24:45 INFO  [StandardDescriptorProcessor] NO JSP Support for /, did not find org.apache.hbase.thirdparty.org.eclipse.jetty.jsp.JettyJspServlet
hbase-master  | 18:24:45 INFO  [session] DefaultSessionIdManager workerName=node0
hbase-master  | 18:24:45 INFO  [session] No SessionScavenger set, using defaults
hbase-master  | 18:24:45 INFO  [session] node0 Scavenging every 660000ms
hbase-master  | 18:24:45 INFO  [SecurityHeadersFilter] Added security headers filter
hbase-master  | 18:24:46 INFO  [ContextHandler] Started o.a.h.t.o.e.j.w.WebAppContext@4f042c70{master,/,file:///opt/hbase/hbase-webapps/master/,AVAILABLE}{file:/opt/hbase/hbase-webapps/master}
hbase-master  | 18:24:46 INFO  [AbstractConnector] Started ServerConnector@6d86d1ad{HTTP/1.1, (http/1.1)}{0.0.0.0:16010}
hbase-master  | 18:24:46 INFO  [Server] Started @4734ms
hbase-master  | 18:24:46 INFO  [HMaster] hbase.rootdir=hdfs://namenode:8020/hbase, hbase.cluster.distributed=true
hbase-master  | 18:24:46 INFO  [HMaster] Adding backup master ZNode /hbase/backup-masters/hbase-master,16000,1777400683942
hbase-master  | 18:24:46 INFO  [ActiveMasterManager] Deleting ZNode for /hbase/backup-masters/hbase-master,16000,1777400683942 from backup master directory
hbase-master  | 18:24:46 WARN  [ZNodeClearer] Environment variable HBASE_ZNODE_FILE not set; znodes will not be cleared on crash by start scripts (Longer MTTR!)
hbase-master  | 18:24:46 INFO  [ActiveMasterManager] Registered as active master=hbase-master,16000,1777400683942
hbase-master  | 18:24:46 INFO  [ChunkCreator] Allocating data MemStoreChunkPool with chunk size 2 MB, max count 1388, initial count 0
hbase-master  | 18:24:46 INFO  [ChunkCreator] Allocating index MemStoreChunkPool with chunk size 204.80 KB, max count 1543, initial count 0
hbase-master  | 18:24:46 INFO  [FSUtils] Created version file at hdfs://namenode:8020/hbase with version=8
hbase-master  | 18:24:47 INFO  [HFileSystem] Added intercepting call to namenode#getBlockLocations so can do block reordering using class org.apache.hadoop.hbase.fs.HFileSystem$ReorderWALBlocks
hbase-master  | 18:24:47 INFO  [MasterRegion] Create or load local region for table 'master:store', {TABLE_ATTRIBUTES => {METADATA => {'hbase.store.file-tracker.impl' => 'DEFAULT'}}}, {NAME => 'info', INDEX_BLOCK_ENCODING => 'NONE', VERSIONS => '3', KEEP_DELETED_CELLS => 'FALSE', DATA_BLOCK_ENCODING => 'ROW_INDEX_V1', TTL => 'FOREVER', MIN_VERSIONS => '0', REPLICATION_SCOPE => '0', BLOOMFILTER => 'ROWCOL', IN_MEMORY => 'true', COMPRESSION => 'NONE', BLOCKCACHE => 'true', BLOCKSIZE => '8192 B (8KB)'}, {NAME => 'proc', INDEX_BLOCK_ENCODING => 'NONE', VERSIONS => '1', KEEP_DELETED_CELLS => 'FALSE', DATA_BLOCK_ENCODING => 'NONE', TTL => 'FOREVER', MIN_VERSIONS => '0', REPLICATION_SCOPE => '0', BLOOMFILTER => 'ROW', IN_MEMORY => 'false', COMPRESSION => 'NONE', BLOCKCACHE => 'true', BLOCKSIZE => '65536 B (64KB)'}, {NAME => 'rs', INDEX_BLOCK_ENCODING => 'NONE', VERSIONS => '1', KEEP_DELETED_CELLS => 'FALSE', DATA_BLOCK_ENCODING => 'NONE', TTL => 'FOREVER', MIN_VERSIONS => '0', REPLICATION_SCOPE => '0', BLOOMFILTER => 'ROW', IN_MEMORY => 'false', COMPRESSION => 'NONE', BLOCKCACHE => 'true', BLOCKSIZE => '65536 B (64KB)'}
hbase-master  | 18:24:47 INFO  [MasterRegionFlusherAndCompactor] Injected flushSize=134217728, flushPerChanges=1000000, flushIntervalMs=900000
hbase-master  | 18:24:47 INFO  [WALFactory] Instantiating WALProvider of type class org.apache.hadoop.hbase.wal.AsyncFSWALProvider
hbase-master  | 18:24:48 INFO  [HRegion] Creating {ENCODED => 1595e783b53d99cd5eef43b6debb2682, NAME => 'master:store,,1.1595e783b53d99cd5eef43b6debb2682.', STARTKEY => '', ENDKEY => ''}, tableDescriptor='master:store', {TABLE_ATTRIBUTES => {METADATA => {'hbase.store.file-tracker.impl' => 'DEFAULT'}}}, {NAME => 'info', INDEX_BLOCK_ENCODING => 'NONE', VERSIONS => '3', KEEP_DELETED_CELLS => 'FALSE', DATA_BLOCK_ENCODING => 'ROW_INDEX_V1', TTL => 'FOREVER', MIN_VERSIONS => '0', REPLICATION_SCOPE => '0', BLOOMFILTER => 'ROWCOL', IN_MEMORY => 'true', COMPRESSION => 'NONE', BLOCKCACHE => 'true', BLOCKSIZE => '8192 B (8KB)'}, {NAME => 'proc', INDEX_BLOCK_ENCODING => 'NONE', VERSIONS => '1', KEEP_DELETED_CELLS => 'FALSE', DATA_BLOCK_ENCODING => 'NONE', TTL => 'FOREVER', MIN_VERSIONS => '0', REPLICATION_SCOPE => '0', BLOOMFILTER => 'ROW', IN_MEMORY => 'false', COMPRESSION => 'NONE', BLOCKCACHE => 'true', BLOCKSIZE => '65536 B (64KB)'}, {NAME => 'rs', INDEX_BLOCK_ENCODING => 'NONE', VERSIONS => '1', KEEP_DELETED_CELLS => 'FALSE', DATA_BLOCK_ENCODING => 'NONE', TTL => 'FOREVER', MIN_VERSIONS => '0', REPLICATION_SCOPE => '0', BLOOMFILTER => 'ROW', IN_MEMORY => 'false', COMPRESSION => 'NONE', BLOCKCACHE => 'true', BLOCKSIZE => '65536 B (64KB)'}, under table dir hdfs://namenode:8020/hbase/MasterData/data/master/store
hbase-master  | 18:24:48 INFO  [StoreHotnessProtector] StoreHotnessProtector is disabled. Set hbase.region.store.parallel.put.limit > 0 to enable, which may help mitigate load under heavy write pressure.
hbase-master  | 18:24:48 INFO  [HRegion] Closing region master:store,,1.1595e783b53d99cd5eef43b6debb2682.
hbase-master  | 18:24:48 INFO  [HRegion] Closed master:store,,1.1595e783b53d99cd5eef43b6debb2682.
hbase-master  | 18:24:48 WARN  [MasterRegion] failed to clean up initializing flag: hdfs://namenode:8020/hbase/MasterData/data/master/store/.initializing
hbase-master  | 18:24:48 INFO  [StreamSlowMonitor] New stream slow monitor defaultMonitorName
hbase-master  | 18:24:48 INFO  [AbstractFSWAL] WAL configuration: blocksize=256 MB, rollsize=128 MB, prefix=hbase-master%2C16000%2C1777400683942, suffix=, logDir=hdfs://namenode:8020/hbase/MasterData/WALs/hbase-master,16000,1777400683942, archiveDir=hdfs://namenode:8020/hbase/MasterData/oldWALs, maxLogs=10
hbase-master  | 18:24:48 ERROR [NettyFutureUtils] Unexpected error caught when processing netty
hbase-master  | java.lang.IllegalArgumentException: object is not an instance of declaring class
hbase-master  | 	at java.base/jdk.internal.reflect.NativeMethodAccessorImpl.invoke0(Native Method)
hbase-master  | 	at java.base/jdk.internal.reflect.NativeMethodAccessorImpl.invoke(NativeMethodAccessorImpl.java:62)
hbase-master  | 	at java.base/jdk.internal.reflect.DelegatingMethodAccessorImpl.invoke(DelegatingMethodAccessorImpl.java:43)
hbase-master  | 	at java.base/java.lang.reflect.Method.invoke(Method.java:566)
hbase-master  | 	at org.apache.hadoop.hbase.io.asyncfs.ProtobufDecoder.<init>(ProtobufDecoder.java:64)
hbase-master  | 	at org.apache.hadoop.hbase.io.asyncfs.FanOutOneBlockAsyncDFSOutputHelper.processWriteBlockResponse(FanOutOneBlockAsyncDFSOutputHelper.java:349)
hbase-master  | 	at org.apache.hadoop.hbase.io.asyncfs.FanOutOneBlockAsyncDFSOutputHelper.access$100(FanOutOneBlockAsyncDFSOutputHelper.java:121)
hbase-master  | 	at org.apache.hadoop.hbase.io.asyncfs.FanOutOneBlockAsyncDFSOutputHelper$4.operationComplete(FanOutOneBlockAsyncDFSOutputHelper.java:431)
hbase-master  | 	at org.apache.hadoop.hbase.util.NettyFutureUtils.lambda$addListener$0(NettyFutureUtils.java:56)
hbase-master  | 	at org.apache.hbase.thirdparty.io.netty.util.concurrent.DefaultPromise.notifyListener0(DefaultPromise.java:590)
hbase-master  | 	at org.apache.hbase.thirdparty.io.netty.util.concurrent.DefaultPromise.notifyListenersNow(DefaultPromise.java:557)
hbase-master  | 	at org.apache.hbase.thirdparty.io.netty.util.concurrent.DefaultPromise.notifyListeners(DefaultPromise.java:492)
hbase-master  | 	at org.apache.hbase.thirdparty.io.netty.util.concurrent.DefaultPromise.addListener(DefaultPromise.java:185)
hbase-master  | 	at org.apache.hbase.thirdparty.io.netty.util.concurrent.DefaultPromise.addListener(DefaultPromise.java:35)
hbase-master  | 	at org.apache.hadoop.hbase.util.NettyFutureUtils.addListener(NettyFutureUtils.java:52)
hbase-master  | 	at org.apache.hadoop.hbase.io.asyncfs.FanOutOneBlockAsyncDFSOutputHelper.initialize(FanOutOneBlockAsyncDFSOutputHelper.java:425)
hbase-master  | 	at org.apache.hadoop.hbase.io.asyncfs.FanOutOneBlockAsyncDFSOutputHelper.access$300(FanOutOneBlockAsyncDFSOutputHelper.java:121)
hbase-master  | 	at org.apache.hadoop.hbase.io.asyncfs.FanOutOneBlockAsyncDFSOutputHelper$5.operationComplete(FanOutOneBlockAsyncDFSOutputHelper.java:483)
hbase-master  | 	at org.apache.hadoop.hbase.io.asyncfs.FanOutOneBlockAsyncDFSOutputHelper$5.operationComplete(FanOutOneBlockAsyncDFSOutputHelper.java:478)
hbase-master  | 	at org.apache.hadoop.hbase.util.NettyFutureUtils.lambda$addListener$0(NettyFutureUtils.java:56)
hbase-master  | 	at org.apache.hbase.thirdparty.io.netty.util.concurrent.DefaultPromise.notifyListener0(DefaultPromise.java:590)
hbase-master  | 	at org.apache.hbase.thirdparty.io.netty.util.concurrent.DefaultPromise.notifyListeners0(DefaultPromise.java:583)
hbase-master  | 	at org.apache.hbase.thirdparty.io.netty.util.concurrent.DefaultPromise.notifyListenersNow(DefaultPromise.java:559)
hbase-master  | 	at org.apache.hbase.thirdparty.io.netty.util.concurrent.DefaultPromise.notifyListeners(DefaultPromise.java:492)
hbase-master  | 	at org.apache.hbase.thirdparty.io.netty.util.concurrent.DefaultPromise.setValue0(DefaultPromise.java:636)
hbase-master  | 	at org.apache.hbase.thirdparty.io.netty.util.concurrent.DefaultPromise.setSuccess0(DefaultPromise.java:625)
hbase-master  | 	at org.apache.hbase.thirdparty.io.netty.util.concurrent.DefaultPromise.trySuccess(DefaultPromise.java:105)
hbase-master  | 	at org.apache.hbase.thirdparty.io.netty.channel.DefaultChannelPromise.trySuccess(DefaultChannelPromise.java:84)
hbase-master  | 	at org.apache.hbase.thirdparty.io.netty.channel.epoll.AbstractEpollChannel$AbstractEpollUnsafe.fulfillConnectPromise(AbstractEpollChannel.java:653)
hbase-master  | 	at org.apache.hbase.thirdparty.io.netty.channel.epoll.AbstractEpollChannel$AbstractEpollUnsafe.finishConnect(AbstractEpollChannel.java:691)
hbase-master  | 	at org.apache.hbase.thirdparty.io.netty.channel.epoll.AbstractEpollChannel$AbstractEpollUnsafe.epollOutReady(AbstractEpollChannel.java:567)
hbase-master  | 	at org.apache.hbase.thirdparty.io.netty.channel.epoll.EpollEventLoop.processReady(EpollEventLoop.java:499)
hbase-master  | 	at org.apache.hbase.thirdparty.io.netty.channel.epoll.EpollEventLoop.run(EpollEventLoop.java:407)
hbase-master  | 	at org.apache.hbase.thirdparty.io.netty.util.concurrent.SingleThreadEventExecutor$4.run(SingleThreadEventExecutor.java:997)
hbase-master  | 	at org.apache.hbase.thirdparty.io.netty.util.internal.ThreadExecutorMap$2.run(ThreadExecutorMap.java:74)
hbase-master  | 	at org.apache.hbase.thirdparty.io.netty.util.concurrent.FastThreadLocalRunnable.run(FastThreadLocalRunnable.java:30)
hbase-master  | 	at java.base/java.lang.Thread.run(Thread.java:829)
hbase-master  | 18:24:51 INFO  [master] 127.0.0.1 - - [28/Apr/2026:18:24:51 +0000] "GET / HTTP/1.1" 200 876 "-" "curl/7.81.0"
hbase-master  | 18:25:01 INFO  [master] 127.0.0.1 - - [28/Apr/2026:18:25:01 +0000] "GET / HTTP/1.1" 200 876 "-" "curl/7.81.0"
hbase-master  | 18:25:11 INFO  [master] 127.0.0.1 - - [28/Apr/2026:18:25:11 +0000] "GET / HTTP/1.1" 200 876 "-" "curl/7.81.0"
hbase-master  | 18:25:21 INFO  [master] 127.0.0.1 - - [28/Apr/2026:18:25:21 +0000] "GET / HTTP/1.1" 200 876 "-" "curl/7.81.0"
hbase-master  | 18:25:31 INFO  [master] 127.0.0.1 - - [28/Apr/2026:18:25:31 +0000] "GET / HTTP/1.1" 200 876 "-" "curl/7.81.0"
hbase-master  | 18:25:41 INFO  [master] 127.0.0.1 - - [28/Apr/2026:18:25:41 +0000] "GET / HTTP/1.1" 200 876 "-" "curl/7.81.0"
hbase-master  | 18:25:51 INFO  [master] 127.0.0.1 - - [28/Apr/2026:18:25:51 +0000] "GET / HTTP/1.1" 200 876 "-" "curl/7.81.0"
hbase-master  | 18:26:01 INFO  [master] 127.0.0.1 - - [28/Apr/2026:18:26:01 +0000] "GET / HTTP/1.1" 200 876 "-" "curl/7.81.0"
hbase-master  | 18:26:11 INFO  [master] 127.0.0.1 - - [28/Apr/2026:18:26:11 +0000] "GET / HTTP/1.1" 200 876 "-" "curl/7.81.0"
hbase-master  | 18:26:21 INFO  [master] 127.0.0.1 - - [28/Apr/2026:18:26:21 +0000] "GET / HTTP/1.1" 200 876 "-" "curl/7.81.0"
hbase-master  | 18:26:31 INFO  [master] 127.0.0.1 - - [28/Apr/2026:18:26:31 +0000] "GET / HTTP/1.1" 200 876 "-" "curl/7.81.0"
hbase-master  | 18:26:41 INFO  [master] 127.0.0.1 - - [28/Apr/2026:18:26:41 +0000] "GET / HTTP/1.1" 200 876 "-" "curl/7.81.0"
hbase-master  | 18:26:52 INFO  [master] 127.0.0.1 - - [28/Apr/2026:18:26:52 +0000] "GET / HTTP/1.1" 200 876 "-" "curl/7.81.0"
hbase-master  | 18:27:02 INFO  [master] 127.0.0.1 - - [28/Apr/2026:18:27:02 +0000] "GET / HTTP/1.1" 200 876 "-" "curl/7.81.0"
hbase-master  | 18:27:12 INFO  [master] 127.0.0.1 - - [28/Apr/2026:18:27:12 +0000] "GET / HTTP/1.1" 200 876 "-" "curl/7.81.0"
hbase-master  | 18:27:22 INFO  [master] 127.0.0.1 - - [28/Apr/2026:18:27:22 +0000] "GET / HTTP/1.1" 200 876 "-" "curl/7.81.0"
hbase-master  | 18:27:32 INFO  [master] 127.0.0.1 - - [28/Apr/2026:18:27:32 +0000] "GET / HTTP/1.1" 200 876 "-" "curl/7.81.0"
hbase-master  | 18:27:42 INFO  [master] 127.0.0.1 - - [28/Apr/2026:18:27:42 +0000] "GET / HTTP/1.1" 200 876 "-" "curl/7.81.0"
hbase-master  | 18:27:52 INFO  [master] 127.0.0.1 - - [28/Apr/2026:18:27:52 +0000] "GET / HTTP/1.1" 200 876 "-" "curl/7.81.0"
hbase-master  | 18:28:02 INFO  [master] 127.0.0.1 - - [28/Apr/2026:18:28:02 +0000] "GET / HTTP/1.1" 200 876 "-" "curl/7.81.0"
hbase-master  | 18:28:12 INFO  [master] 127.0.0.1 - - [28/Apr/2026:18:28:12 +0000] "GET / HTTP/1.1" 200 876 "-" "curl/7.81.0"
hbase-master  | 18:28:22 INFO  [master] 127.0.0.1 - - [28/Apr/2026:18:28:22 +0000] "GET / HTTP/1.1" 200 876 "-" "curl/7.81.0"
hbase-master  | 18:28:32 INFO  [master] 127.0.0.1 - - [28/Apr/2026:18:28:32 +0000] "GET / HTTP/1.1" 200 876 "-" "curl/7.81.0"
hbase-master  | 18:28:42 INFO  [master] 127.0.0.1 - - [28/Apr/2026:18:28:42 +0000] "GET / HTTP/1.1" 200 876 "-" "curl/7.81.0"
hbase-master  | 18:28:53 INFO  [master] 127.0.0.1 - - [28/Apr/2026:18:28:53 +0000] "GET / HTTP/1.1" 200 876 "-" "curl/7.81.0"
hbase-master  | 18:29:03 INFO  [master] 127.0.0.1 - - [28/Apr/2026:18:29:03 +0000] "GET / HTTP/1.1" 200 876 "-" "curl/7.81.0"
hbase-master  | 18:29:13 INFO  [master] 127.0.0.1 - - [28/Apr/2026:18:29:13 +0000] "GET / HTTP/1.1" 200 876 "-" "curl/7.81.0"
hbase-master  | 18:29:23 INFO  [master] 127.0.0.1 - - [28/Apr/2026:18:29:23 +0000] "GET / HTTP/1.1" 200 876 "-" "curl/7.81.0"
hbase-master  | 18:29:33 INFO  [master] 127.0.0.1 - - [28/Apr/2026:18:29:33 +0000] "GET / HTTP/1.1" 200 876 "-" "curl/7.81.0"
hbase-master  | 18:29:43 INFO  [master] 127.0.0.1 - - [28/Apr/2026:18:29:43 +0000] "GET / HTTP/1.1" 200 876 "-" "curl/7.81.0"
hbase-master  | 18:29:53 INFO  [master] 127.0.0.1 - - [28/Apr/2026:18:29:53 +0000] "GET / HTTP/1.1" 200 876 "-" "curl/7.81.0"
hbase-master  | 18:30:03 INFO  [master] 127.0.0.1 - - [28/Apr/2026:18:30:03 +0000] "GET / HTTP/1.1" 200 876 "-" "curl/7.81.0"
hbase-master  | 18:30:13 INFO  [master] 127.0.0.1 - - [28/Apr/2026:18:30:13 +0000] "GET / HTTP/1.1" 200 876 "-" "curl/7.81.0"
hbase-master  | 18:30:23 INFO  [master] 127.0.0.1 - - [28/Apr/2026:18:30:23 +0000] "GET / HTTP/1.1" 200 876 "-" "curl/7.81.0"
hbase-master  | 18:30:33 INFO  [master] 127.0.0.1 - - [28/Apr/2026:18:30:33 +0000] "GET / HTTP/1.1" 200 876 "-" "curl/7.81.0"
hbase-master  | 18:30:44 INFO  [master] 127.0.0.1 - - [28/Apr/2026:18:30:44 +0000] "GET / HTTP/1.1" 200 876 "-" "curl/7.81.0"
hbase-master  | 18:30:54 INFO  [master] 127.0.0.1 - - [28/Apr/2026:18:30:54 +0000] "GET / HTTP/1.1" 200 876 "-" "curl/7.81.0"
hbase-master  | 18:31:04 INFO  [master] 127.0.0.1 - - [28/Apr/2026:18:31:04 +0000] "GET / HTTP/1.1" 200 876 "-" "curl/7.81.0"
hbase-master  | 18:31:14 INFO  [master] 127.0.0.1 - - [28/Apr/2026:18:31:14 +0000] "GET / HTTP/1.1" 200 876 "-" "curl/7.81.0"
hbase-master  | 18:31:25 INFO  [master] 127.0.0.1 - - [28/Apr/2026:18:31:25 +0000] "GET / HTTP/1.1" 200 876 "-" "curl/7.81.0"
hbase-master  | 18:31:35 INFO  [master] 127.0.0.1 - - [28/Apr/2026:18:31:35 +0000] "GET / HTTP/1.1" 200 876 "-" "curl/7.81.0"
hbase-master  | 18:31:45 INFO  [master] 127.0.0.1 - - [28/Apr/2026:18:31:45 +0000] "GET / HTTP/1.1" 200 876 "-" "curl/7.81.0"
hbase-master  | 18:31:56 INFO  [master] 127.0.0.1 - - [28/Apr/2026:18:31:56 +0000] "GET / HTTP/1.1" 200 876 "-" "curl/7.81.0"
hbase-master  | 18:32:06 INFO  [master] 127.0.0.1 - - [28/Apr/2026:18:32:06 +0000] "GET / HTTP/1.1" 200 876 "-" "curl/7.81.0"
hbase-master  | 18:32:16 INFO  [master] 127.0.0.1 - - [28/Apr/2026:18:32:16 +0000] "GET / HTTP/1.1" 200 876 "-" "curl/7.81.0"
hbase-master  | 18:32:26 INFO  [master] 127.0.0.1 - - [28/Apr/2026:18:32:26 +0000] "GET / HTTP/1.1" 200 876 "-" "curl/7.81.0"
hbase-master  | 18:32:37 INFO  [master] 127.0.0.1 - - [28/Apr/2026:18:32:37 +0000] "GET / HTTP/1.1" 200 876 "-" "curl/7.81.0"
hbase-master  | 18:32:47 INFO  [master] 127.0.0.1 - - [28/Apr/2026:18:32:47 +0000] "GET / HTTP/1.1" 200 876 "-" "curl/7.81.0"
hbase-master  | 18:32:57 INFO  [master] 127.0.0.1 - - [28/Apr/2026:18:32:57 +0000] "GET / HTTP/1.1" 200 876 "-" "curl/7.81.0"
hbase-master  | 18:33:08 INFO  [master] 127.0.0.1 - - [28/Apr/2026:18:33:08 +0000] "GET / HTTP/1.1" 200 876 "-" "curl/7.81.0"
hbase-master  | 18:33:18 INFO  [master] 127.0.0.1 - - [28/Apr/2026:18:33:18 +0000] "GET / HTTP/1.1" 200 876 "-" "curl/7.81.0"
hbase-master  | 18:33:28 INFO  [master] 127.0.0.1 - - [28/Apr/2026:18:33:28 +0000] "GET / HTTP/1.1" 200 876 "-" "curl/7.81.0"
hbase-master  | 18:33:38 INFO  [master] 127.0.0.1 - - [28/Apr/2026:18:33:38 +0000] "GET / HTTP/1.1" 200 876 "-" "curl/7.81.0"
hbase-master  | 18:33:49 INFO  [master] 127.0.0.1 - - [28/Apr/2026:18:33:49 +0000] "GET / HTTP/1.1" 200 876 "-" "curl/7.81.0"
hbase-master  | 18:33:59 INFO  [master] 127.0.0.1 - - [28/Apr/2026:18:33:59 +0000] "GET / HTTP/1.1" 200 876 "-" "curl/7.81.0"
hbase-master  | 18:34:09 INFO  [master] 127.0.0.1 - - [28/Apr/2026:18:34:09 +0000] "GET / HTTP/1.1" 200 876 "-" "curl/7.81.0"
hbase-master  | 18:34:19 INFO  [master] 127.0.0.1 - - [28/Apr/2026:18:34:19 +0000] "GET / HTTP/1.1" 200 876 "-" "curl/7.81.0"
hbase-master  | 18:34:30 INFO  [master] 127.0.0.1 - - [28/Apr/2026:18:34:30 +0000] "GET / HTTP/1.1" 200 876 "-" "curl/7.81.0"
hbase-master  | 18:34:40 INFO  [master] 127.0.0.1 - - [28/Apr/2026:18:34:40 +0000] "GET / HTTP/1.1" 200 876 "-" "curl/7.81.0"
hbase-master  | 18:34:50 INFO  [master] 127.0.0.1 - - [28/Apr/2026:18:34:50 +0000] "GET / HTTP/1.1" 200 876 "-" "curl/7.81.0"
hbase-master  | 18:34:58 INFO  [Server] Connection from 172.25.0.10:41420, version=2.5.8, sasl=false, ugi=root (auth:SIMPLE), service=MasterService
hbase-master  | 18:35:00 INFO  [master] 127.0.0.1 - - [28/Apr/2026:18:35:00 +0000] "GET / HTTP/1.1" 200 876 "-" "curl/7.81.0"
hbase-master  | 18:35:10 INFO  [master] 127.0.0.1 - - [28/Apr/2026:18:35:10 +0000] "GET / HTTP/1.1" 200 876 "-" "curl/7.81.0"
hbase-master  | 18:35:20 INFO  [master] 127.0.0.1 - - [28/Apr/2026:18:35:20 +0000] "GET / HTTP/1.1" 200 876 "-" "curl/7.81.0"
hbase-master  | 18:35:30 INFO  [master] 127.0.0.1 - - [28/Apr/2026:18:35:30 +0000] "GET / HTTP/1.1" 200 876 "-" "curl/7.81.0"
hbase-master  | 18:35:41 INFO  [master] 127.0.0.1 - - [28/Apr/2026:18:35:41 +0000] "GET / HTTP/1.1" 200 876 "-" "curl/7.81.0"
hbase-master  | 18:35:51 INFO  [master] 127.0.0.1 - - [28/Apr/2026:18:35:51 +0000] "GET / HTTP/1.1" 200 876 "-" "curl/7.81.0"
hbase-master  | 18:36:01 INFO  [master] 127.0.0.1 - - [28/Apr/2026:18:36:01 +0000] "GET / HTTP/1.1" 200 876 "-" "curl/7.81.0"
hbase-master  | 18:36:11 INFO  [master] 127.0.0.1 - - [28/Apr/2026:18:36:11 +0000] "GET / HTTP/1.1" 200 876 "-" "curl/7.81.0"
hbase-master  | 18:36:21 INFO  [master] 127.0.0.1 - - [28/Apr/2026:18:36:21 +0000] "GET / HTTP/1.1" 200 876 "-" "curl/7.81.0"
hbase-master  | 18:36:31 INFO  [master] 127.0.0.1 - - [28/Apr/2026:18:36:31 +0000] "GET / HTTP/1.1" 200 876 "-" "curl/7.81.0"
hbase-master  | 18:36:41 INFO  [master] 127.0.0.1 - - [28/Apr/2026:18:36:41 +0000] "GET / HTTP/1.1" 200 876 "-" "curl/7.81.0"
hbase-master  | 18:36:51 INFO  [master] 127.0.0.1 - - [28/Apr/2026:18:36:51 +0000] "GET / HTTP/1.1" 200 876 "-" "curl/7.81.0"
hbase-master  | 18:36:58 INFO  [master] 172.25.0.1 - - [28/Apr/2026:18:36:58 +0000] "GET /jmx?qry=Hadoop:service=HBase,name=Master,sub=Server HTTP/1.1" 200 1403 "-" "Mozilla/5.0 (Windows NT; Windows NT 10.0; en-US) WindowsPowerShell/5.1.26100.8115"
hbase-master  | 18:37:01 INFO  [master] 127.0.0.1 - - [28/Apr/2026:18:37:01 +0000] "GET / HTTP/1.1" 200 876 "-" "curl/7.81.0"
hbase-master  | 18:37:11 INFO  [master] 127.0.0.1 - - [28/Apr/2026:18:37:11 +0000] "GET / HTTP/1.1" 200 876 "-" "curl/7.81.0"
hbase-master  | 18:37:21 INFO  [master] 127.0.0.1 - - [28/Apr/2026:18:37:21 +0000] "GET / HTTP/1.1" 200 876 "-" "curl/7.81.0"
hbase-master  | 18:37:31 INFO  [master] 127.0.0.1 - - [28/Apr/2026:18:37:31 +0000] "GET / HTTP/1.1" 200 876 "-" "curl/7.81.0"
hbase-master  | 18:37:41 INFO  [master] 127.0.0.1 - - [28/Apr/2026:18:37:41 +0000] "GET / HTTP/1.1" 200 876 "-" "curl/7.81.0"
hbase-master  | 18:37:51 INFO  [master] 127.0.0.1 - - [28/Apr/2026:18:37:51 +0000] "GET / HTTP/1.1" 200 876 "-" "curl/7.81.0"
hbase-master  | 18:38:02 INFO  [master] 127.0.0.1 - - [28/Apr/2026:18:38:02 +0000] "GET / HTTP/1.1" 200 876 "-" "curl/7.81.0"
hbase-master  | 18:38:10 INFO  [Server] Connection from 172.25.0.10:46116, version=2.5.8, sasl=false, ugi=root (auth:SIMPLE), service=MasterService
hbase-master  | 18:38:12 INFO  [master] 127.0.0.1 - - [28/Apr/2026:18:38:12 +0000] "GET / HTTP/1.1" 200 876 "-" "curl/7.81.0"
hbase-master  | 18:38:22 INFO  [master] 127.0.0.1 - - [28/Apr/2026:18:38:22 +0000] "GET / HTTP/1.1" 200 876 "-" "curl/7.81.0"
hbase-master  | 18:38:32 INFO  [master] 127.0.0.1 - - [28/Apr/2026:18:38:32 +0000] "GET / HTTP/1.1" 200 876 "-" "curl/7.81.0"
hbase-master  | 18:38:42 INFO  [master] 127.0.0.1 - - [28/Apr/2026:18:38:42 +0000] "GET / HTTP/1.1" 200 876 "-" "curl/7.81.0"
hbase-master  | 18:38:52 INFO  [master] 127.0.0.1 - - [28/Apr/2026:18:38:52 +0000] "GET / HTTP/1.1" 200 876 "-" "curl/7.81.0"
hbase-master  | 18:39:02 INFO  [master] 127.0.0.1 - - [28/Apr/2026:18:39:02 +0000] "GET / HTTP/1.1" 200 876 "-" "curl/7.81.0"
hbase-master  | 18:39:12 INFO  [master] 127.0.0.1 - - [28/Apr/2026:18:39:12 +0000] "GET / HTTP/1.1" 200 876 "-" "curl/7.81.0"
hbase-master  | 18:39:22 INFO  [master] 127.0.0.1 - - [28/Apr/2026:18:39:22 +0000] "GET / HTTP/1.1" 200 876 "-" "curl/7.81.0"
hbase-master  | 18:39:32 INFO  [master] 127.0.0.1 - - [28/Apr/2026:18:39:32 +0000] "GET / HTTP/1.1" 200 876 "-" "curl/7.81.0"
hbase-master  | 18:39:42 INFO  [master] 127.0.0.1 - - [28/Apr/2026:18:39:42 +0000] "GET / HTTP/1.1" 200 876 "-" "curl/7.81.0"
hbase-master  | 18:39:52 INFO  [master] 127.0.0.1 - - [28/Apr/2026:18:39:52 +0000] "GET / HTTP/1.1" 200 876 "-" "curl/7.81.0"
hbase-master  | 18:40:02 INFO  [master] 127.0.0.1 - - [28/Apr/2026:18:40:02 +0000] "GET / HTTP/1.1" 200 876 "-" "curl/7.81.0"
hbase-master  | 18:40:06 INFO  [master] 172.25.0.1 - - [28/Apr/2026:18:40:06 +0000] "GET /jmx?qry=Hadoop:service=HBase,name=Master,sub=Server HTTP/1.1" 200 1403 "-" "curl/8.18.0"
hbase-master  | 18:40:13 INFO  [master] 127.0.0.1 - - [28/Apr/2026:18:40:13 +0000] "GET / HTTP/1.1" 200 876 "-" "curl/7.81.0"
hbase-master  | 18:40:23 INFO  [master] 127.0.0.1 - - [28/Apr/2026:18:40:23 +0000] "GET / HTTP/1.1" 200 876 "-" "curl/7.81.0"
hbase-master  | 18:40:24 INFO  [master] 172.25.0.1 - - [28/Apr/2026:18:40:24 +0000] "GET /jmx?qry=Hadoop:service=HBase,name=Master,sub=Server HTTP/1.1" 200 1403 "-" "curl/8.18.0"
